Flow report for LIB
Mon Dec 14 14:22:32 2020
Quartus II 64-Bit Version 13.0.0 Build 156 04/24/2013 SJ Web Edition


---------------------
; Table of Contents ;
---------------------
  1. Legal Notice
  2. Flow Summary
  3. Flow Settings
  4. Flow Non-Default Global Settings
  5. Flow Elapsed Time
  6. Flow OS Summary
  7. Flow Log
  8. Flow Messages
  9. Flow Suppressed Messages



----------------
; Legal Notice ;
----------------
Copyright (C) 1991-2013 Altera Corporation
Your use of Altera Corporation's design tools, logic functions 
and other software and tools, and its AMPP partner logic 
functions, and any output files from any of the foregoing 
(including device programming or simulation files), and any 
associated documentation or information are expressly subject 
to the terms and conditions of the Altera Program License 
Subscription Agreement, Altera MegaCore Function License 
Agreement, or other applicable license agreement, including, 
without limitation, that your use is for the sole purpose of 
programming logic devices manufactured by Altera and sold by 
Altera or its authorized distributors.  Please refer to the 
applicable agreement for further details.



+---------------------------------------------------------------------------------+
; Flow Summary                                                                    ;
+------------------------------------+--------------------------------------------+
; Flow Status                        ; Successful - Mon Dec 14 14:22:31 2020      ;
; Quartus II 64-Bit Version          ; 13.0.0 Build 156 04/24/2013 SJ Web Edition ;
; Revision Name                      ; LIB                                        ;
; Top-level Entity Name              ; LIB                                        ;
; Family                             ; Cyclone IV GX                              ;
; Device                             ; EP4CGX30CF23C6                             ;
; Timing Models                      ; Final                                      ;
; Total logic elements               ; N/A until Partition Merge                  ;
;     Total combinational functions  ; N/A until Partition Merge                  ;
;     Dedicated logic registers      ; N/A until Partition Merge                  ;
; Total registers                    ; N/A until Partition Merge                  ;
; Total pins                         ; N/A until Partition Merge                  ;
; Total virtual pins                 ; N/A until Partition Merge                  ;
; Total memory bits                  ; N/A until Partition Merge                  ;
; Embedded Multiplier 9-bit elements ; N/A until Partition Merge                  ;
; Total GXB Receiver Channel PCS     ; N/A until Partition Merge                  ;
; Total GXB Receiver Channel PMA     ; N/A until Partition Merge                  ;
; Total GXB Transmitter Channel PCS  ; N/A until Partition Merge                  ;
; Total GXB Transmitter Channel PMA  ; N/A until Partition Merge                  ;
; Total PLLs                         ; N/A until Partition Merge                  ;
+------------------------------------+--------------------------------------------+


+-----------------------------------------+
; Flow Settings                           ;
+-------------------+---------------------+
; Option            ; Setting             ;
+-------------------+---------------------+
; Start date & time ; 12/14/2020 14:22:30 ;
; Main task         ; Compilation         ;
; Revision Name     ; LIB                 ;
+-------------------+---------------------+


+-------------------------------------------------------------------------------------------------------------------------------------------------------------------------------------------------+
; Flow Non-Default Global Settings                                                                                                                                                                ;
+----------------------------------------+---------------------------------------------------------------------------------------------------------+---------------+-------------+----------------+
; Assignment Name                        ; Value                                                                                                   ; Default Value ; Entity Name ; Section Id     ;
+----------------------------------------+---------------------------------------------------------------------------------------------------------+---------------+-------------+----------------+
; COMPILER_SIGNATURE_ID                  ; 215938452000657.160795214935600                                                                         ; --            ; --          ; --             ;
; EDA_DESIGN_INSTANCE_NAME               ; NA                                                                                                      ; --            ; --          ; prueba_LIB     ;
; EDA_NATIVELINK_SIMULATION_SETUP_SCRIPT ; ../PRUEBAS/formato_ventanas.do                                                                          ; --            ; --          ; eda_simulation ;
; EDA_NATIVELINK_SIMULATION_TEST_BENCH   ; prueba_LIB                                                                                              ; --            ; --          ; eda_simulation ;
; EDA_OUTPUT_DATA_FORMAT                 ; Vhdl                                                                                                    ; --            ; --          ; eda_simulation ;
; EDA_SIMULATION_RUN_SCRIPT              ; ../PRUEBAS/LIB_compi_run.do                                                                             ; --            ; --          ; eda_simulation ;
; EDA_SIMULATION_TOOL                    ; ModelSim-Altera (VHDL)                                                                                  ; <None>        ; --          ; --             ;
; EDA_TEST_BENCH_ENABLE_STATUS           ; TEST_BENCH_MODE                                                                                         ; --            ; --          ; eda_simulation ;
; EDA_TEST_BENCH_FILE                    ; ../../../../../LAB4/PROC_SERIE/UTILIDADES_pkg/generar_impri_instruc_pkg/codificar_instrucciones_pkg.vhd ; --            ; --          ; prueba_LIB     ;
; EDA_TEST_BENCH_FILE                    ; ../../../../../LAB4/PROC_SERIE/UTILIDADES_pkg/generar_impri_instruc_pkg/imprimir_inst_ascii_pkg.vhd     ; --            ; --          ; prueba_LIB     ;
; EDA_TEST_BENCH_FILE                    ; ../../../../../LAB4/PROC_SERIE/UTILIDADES_pkg/impri_instruc_pkg/deco_Inst_impri_pkg.vhd                 ; --            ; --          ; prueba_LIB     ;
; EDA_TEST_BENCH_FILE                    ; ../../componentes_cntl_seg_pkg/componentes_control_seg_pkg.vhd                                          ; --            ; --          ; prueba_LIB     ;
; EDA_TEST_BENCH_FILE                    ; ../../../tipos_constantes_pkg/retardos_cntl_seg_pkg.vhd                                                 ; --            ; --          ; prueba_LIB     ;
; EDA_TEST_BENCH_FILE                    ; ../../COMPONENTES/PUERTAS/CODIGO/andv2.vhd                                                              ; --            ; --          ; prueba_LIB     ;
; EDA_TEST_BENCH_FILE                    ; ../../COMPONENTES/PUERTAS/CODIGO/andv1n.vhd                                                             ; --            ; --          ; prueba_LIB     ;
; EDA_TEST_BENCH_FILE                    ; ../../COMPONENTES/PUERTAS/CODIGO/andv3.vhd                                                              ; --            ; --          ; prueba_LIB     ;
; EDA_TEST_BENCH_FILE                    ; ../../COMPONENTES/PUERTAS/CODIGO/orv2.vhd                                                               ; --            ; --          ; prueba_LIB     ;
; EDA_TEST_BENCH_FILE                    ; ../../COMPONENTES/PUERTAS/CODIGO/orvn.vhd                                                               ; --            ; --          ; prueba_LIB     ;
; EDA_TEST_BENCH_FILE                    ; ../../COMPONENTES/COMPARADOR/CODIGO/cmp.vhd                                                             ; --            ; --          ; prueba_LIB     ;
; EDA_TEST_BENCH_FILE                    ; ../PRUEBAS/VHDL_P/enc_LDD.vhd                                                                           ; --            ; --          ; prueba_LIB     ;
; EDA_TEST_BENCH_FILE                    ; ../PRUEBAS/VHDL_P/enc_LDRD.vhd                                                                          ; --            ; --          ; prueba_LIB     ;
; EDA_TEST_BENCH_FILE                    ; ../PRUEBAS/VHDL_P/enc_LDRS.vhd                                                                          ; --            ; --          ; prueba_LIB     ;
; EDA_TEST_BENCH_FILE                    ; ../PRUEBAS/VHDL_P/enc_LGR.vhd                                                                           ; --            ; --          ; prueba_LIB     ;
; EDA_TEST_BENCH_FILE                    ; ../PRUEBAS/VHDL_P/enc_ensam_RD.vhd                                                                      ; --            ; --          ; prueba_LIB     ;
; EDA_TEST_BENCH_FILE                    ; ../PRUEBAS/VHDL_P/enc_ensam_RS.vhd                                                                      ; --            ; --          ; prueba_LIB     ;
; EDA_TEST_BENCH_FILE                    ; ../PRUEBAS/VHDL_P/enc_LIB.vhd                                                                           ; --            ; --          ; prueba_LIB     ;
; EDA_TEST_BENCH_FILE                    ; ../PRUEBAS/prueba_LIB.vhd                                                                               ; --            ; --          ; prueba_LIB     ;
; EDA_TEST_BENCH_MODULE_NAME             ; prueba_LIB                                                                                              ; --            ; --          ; prueba_LIB     ;
; EDA_TEST_BENCH_NAME                    ; prueba_LIB                                                                                              ; --            ; --          ; eda_simulation ;
; MAX_CORE_JUNCTION_TEMP                 ; 85                                                                                                      ; --            ; --          ; --             ;
; MIN_CORE_JUNCTION_TEMP                 ; 0                                                                                                       ; --            ; --          ; --             ;
; NOMINAL_CORE_SUPPLY_VOLTAGE            ; 1.2V                                                                                                    ; --            ; --          ; --             ;
; PARTITION_COLOR                        ; 16764057                                                                                                ; --            ; --          ; Top            ;
; PARTITION_FITTER_PRESERVATION_LEVEL    ; PLACEMENT_AND_ROUTING                                                                                   ; --            ; --          ; Top            ;
; PARTITION_NETLIST_TYPE                 ; SOURCE                                                                                                  ; --            ; --          ; Top            ;
; POWER_BOARD_THERMAL_MODEL              ; None (CONSERVATIVE)                                                                                     ; --            ; --          ; --             ;
; POWER_PRESET_COOLING_SOLUTION          ; 23 MM HEAT SINK WITH 200 LFPM AIRFLOW                                                                   ; --            ; --          ; --             ;
; PROJECT_OUTPUT_DIRECTORY               ; output_files                                                                                            ; --            ; --          ; --             ;
; SEARCH_PATH                            ; ../../COMPONENTES/DECO_PBR_opSEC/CODIGO                                                                 ; --            ; --          ; --             ;
; SEARCH_PATH                            ; ../../../REGISTRO_DESACOPLO/CODIGO                                                                      ; --            ; --          ; --             ;
; SEARCH_PATH                            ; ../../COMPONENTES/VALIDACION/CODIGO                                                                     ; --            ; --          ; --             ;
; SEARCH_PATH                            ; ../../COMPONENTES/SENYALES_CNTL/CODIGO                                                                  ; --            ; --          ; --             ;
; SEARCH_PATH                            ; ../../COMPONENTES/PUERTAS/CODIGO                                                                        ; --            ; --          ; --             ;
; SEARCH_PATH                            ; ../../COMPONENTES/LDRS/CODIGO                                                                           ; --            ; --          ; --             ;
; SEARCH_PATH                            ; ../../COMPONENTES/LDRD/CODIGO                                                                           ; --            ; --          ; --             ;
; SEARCH_PATH                            ; ../../COMPONENTES/LDD/CODIGO                                                                            ; --            ; --          ; --             ;
; SEARCH_PATH                            ; ../../COMPONENTES/LGR/CODIGO                                                                            ; --            ; --          ; --             ;
; SEARCH_PATH                            ; ../../COMPONENTES/ENSAM_RS/CODIGO                                                                       ; --            ; --          ; --             ;
; SEARCH_PATH                            ; ../../COMPONENTES/ENSAM_RD/CODIGO                                                                       ; --            ; --          ; --             ;
; SEARCH_PATH                            ; ../../COMPONENTES/COMPARADOR/CODIGO                                                                     ; --            ; --          ; --             ;
+----------------------------------------+---------------------------------------------------------------------------------------------------------+---------------+-------------+----------------+


+----------------------------------------------------------------------------------------------------------------------------+
; Flow Elapsed Time                                                                                                          ;
+------------------------+--------------+-------------------------+---------------------+------------------------------------+
; Module Name            ; Elapsed Time ; Average Processors Used ; Peak Virtual Memory ; Total CPU Time (on all processors) ;
+------------------------+--------------+-------------------------+---------------------+------------------------------------+
; Analysis & Elaboration ; 00:00:02     ; 1.0                     ; 4690 MB             ; 00:00:02                           ;
; Total                  ; 00:00:02     ; --                      ; --                  ; 00:00:02                           ;
+------------------------+--------------+-------------------------+---------------------+------------------------------------+


+-------------------------------------------------------------------------------------+
; Flow OS Summary                                                                     ;
+------------------------+------------------+-----------+------------+----------------+
; Module Name            ; Machine Hostname ; OS Name   ; OS Version ; Processor type ;
+------------------------+------------------+-----------+------------+----------------+
; Analysis & Elaboration ; CATOT4           ; Windows 7 ; 6.2        ; x86_64         ;
+------------------------+------------------+-----------+------------+----------------+


------------
; Flow Log ;
------------
quartus_map --read_settings_files=on --write_settings_files=off LIB -c LIB --analysis_and_elaboration



